C:\Users\Ambiente\Documents\Delphi\mestreDosCodigos\src\AplicacaoFinal\
C:\Users\Ambiente\Documents\Delphi\mestreDosCodigos\src\AplicacaoFinal\Teste\
C:\Users\Ambiente\Documents\Delphi\mestreDosCodigos\src\Conexao\
C:\Users\Ambiente\Documents\Delphi\mestreDosCodigos\src\FrameWork\MCFWComponentes\
C:\Users\Ambiente\Documents\Delphi\mestreDosCodigos\src\FrameWork\MCFWComponentes\CrudToolbar\
C:\Users\Ambiente\Documents\Delphi\mestreDosCodigos\src\FrameWork\MCFWComponentes\FDCrudToolbar\
C:\Users\Ambiente\Documents\Delphi\mestreDosCodigos\src\FrameWork\MCFWComponentes\FrmConsulta\
C:\Users\Ambiente\Documents\Delphi\mestreDosCodigos\src\FrameWork\MCFWComponentes\RT\
C:\Users\Ambiente\Documents\Delphi\mestreDosCodigos\src\FrameWork\MCFWComponentes\Teste\
C:\Users\Ambiente\Documents\Delphi\mestreDosCodigos\src\FrameWork\MCFWForms\
C:\Users\Ambiente\Documents\Delphi\mestreDosCodigos\src\GeradorSQL\DT\
C:\Users\Ambiente\Documents\Delphi\mestreDosCodigos\src\GeradorSQL\DT\Builder\
C:\Users\Ambiente\Documents\Delphi\mestreDosCodigos\src\GeradorSQL\RT\
C:\Users\Ambiente\Documents\Delphi\mestreDosCodigos\src\GeradorSQL\Sample\
C:\Users\Ambiente\Documents\Delphi\mestreDosCodigos\src\GeradorSQL\Teste\
C:\Users\Ambiente\Documents\Delphi\mestreDosCodigos\src\MetaDataConf\
C:\Users\Ambiente\Documents\Delphi\mestreDosCodigos\src\pkgUtils\
C:\Users\Ambiente\Documents\Delphi\mestreDosCodigos\src\pkgUtils\dpk\
C:\Users\Ambiente\Documents\Delphi\mestreDosCodigos\src\pkgUtils\Teste\
