Conexao.Constantes
Conexao.Impl.Configuracao
Conexao.Impl.Configuracao.Fabrica
Conexao.Impl.ConfiguracaoIni
Conexao.Impl.Fabrica.FireDac
Conexao.Impl.FDConfiguracaoDeConexao
Conexao.Intf.Configuracao
Conexao.Intf.Configuracao.Fabrica
Conexao.Intf.ConfiguracaoDeConexao
Conexao.Intf.Fabrica
DataSet.Impl.ConfiguradorMetaData
DataSet.Impl.MetaDataContainer
DataSet.Impl.MetaDataController
DataSet.Intf.ConfiguradorMetaData
DataSet.Intf.DataSetContainer
DataSet.Intf.MetaDataContainer
DataSet.Intf.MetaDataController
DesignPattern.Builder.Impl.Builder
DesignPattern.Builder.Impl.Director
DesignPattern.Builder.Intf.Builder
DesignPattern.Builder.Intf.Director
GeradorSQL.Comp.Builder.Impl.Coluna
GeradorSQL.Comp.Builder.Intf.Coluna
GeradorSQL.Comp.Builder.Select
GeradorSQL.Comp.Collection.Coluna
GeradorSQL.Comp.Collection.Condicao
GeradorSQL.Comp.Collection.Juncao
GeradorSQL.Comp.Collection.OrderBy
GeradorSQL.Comp.Collection.Tabela
GeradorSQL.Comp.Insert
GeradorSQL.Comp.Select
GeradorSQL.Comp.SQLDTO
GeradorSQL.ConcreteBuilder.Coluna
GeradorSQL.ConcreteBuilder.Condicao
GeradorSQL.ConcreteBuilder.Juncao
GeradorSQL.ConcreteBuilder.Select
GeradorSQL.ConcreteBuilder.Tabela
GeradorSQL.Registrar
OMestreDosCodigos.Impl.Cliente
OMestreDosCodigos.Impl.Cliente.Builder
OMestreDosCodigos.Impl.Cliente.ListaArrayDinamico
OMestreDosCodigos.Intf.Cliente
OMestreDosCodigos.Intf.Cliente.Builder
OMestreDosCodigos.Intf.Cliente.ListaArrayDinamico
OMestreDosCodigos.Teste.Cliente.ListaArrayDinamico
pkgUtils.Impl.EMail
pkgUtils.Impl.Endereco
pkgUtils.Impl.ListaRetornoValidacao
pkgUtils.Impl.Telefone
pkgUtils.Intf.EMail
pkgUtils.Intf.Endereco
pkgUtils.Intf.ListaRetornoValidacao
pkgUtils.Intf.Telefone
pkgUtils.Intf.Validavel
SQL.Constantes
SQL.Enums
SQL.Exceptions
SQL.Impl.Builder
SQL.Impl.Coluna.Builder
SQL.Impl.Coluna.Director
SQL.Impl.Coluna.Lista
SQL.Impl.Condicao.Builder
SQL.Impl.Condicao.Director
SQL.Impl.Condicao.Lista
SQL.Impl.Fabrica
SQL.Impl.Juncao.Builder
SQL.Impl.Juncao.Director
SQL.Impl.Juncao.Lista
SQL.Impl.PadraoSQL3.Coluna
SQL.Impl.PadraoSQL3.Condicao
SQL.Impl.PadraoSQL3.Fabrica
SQL.Impl.PadraoSQL3.Fabrica.Coluna
SQL.Impl.PadraoSQL3.Insert
SQL.Impl.PadraoSQL3.Juncao
SQL.Impl.PadraoSQL3.Select
SQL.Impl.PadraoSQL3.Tabela
SQL.Impl.ParColunaValor
SQL.Impl.ParColunaValor.Lista
SQL.Impl.Select
SQL.Impl.Select.Builder
SQL.Impl.Select.Director
SQL.Impl.SQL
SQL.Impl.Tabela.Builder
SQL.Impl.Tabela.Director
SQL.Intf.Builder
SQL.Intf.Coluna
SQL.Intf.Coluna.Builder
SQL.Intf.Coluna.Director
SQL.Intf.Condicao
SQL.Intf.Condicao.Builder
SQL.Intf.Fabrica
SQL.Intf.Insert
SQL.Intf.Juncao
SQL.Intf.Juncao.Builder
SQL.Intf.ParColunaValor
SQL.Intf.Select
SQL.Intf.Select.Builder
SQL.Intf.SQL
SQL.Intf.Tabela
SQL.Intf.Tabela.Builder
SQL.Mensagens
Teste.Builder.Coluna
Teste.Builder.Condicao
Teste.Builder.Juncao
Teste.Builder.Select
Teste.Builder.Tabela
Teste.ConfiguradorMeta
Teste.Constantes
Teste.Util.FonteDados
uFrmArrayClientes
uFrmMenu
ufwAplicacao
ufwConfigEntidade
ufwForm
ufwPrincipal
umcConfigCon
umcConstantes
umcCRUD
umcCrudToolbar
umcDBForm
umcDBPesquisa
umcFDCrudToolbar
umcForm
umcFrameWorkTypes
umcFrmConsulta
umcRegistrationUnit
Unit1
uRTTIUtils
uSQLColunaTeste
uSQLCondicaoTeste
uSQLJuncaoTeste
uSQLSelectTeste
uSQLTabelaTeste
